******************************************************************************
                  TI ARM Linker PC v20.2.6                     
******************************************************************************
>> Linked Tue Nov  8 21:38:06 2022

OUTPUT FILE NAME:   <lab5.out>
ENTRY POINT SYMBOL: "_c_int00_noargs"  address: 00000a21


MEMORY CONFIGURATION

         name            origin    length      used     unused   attr    fill
----------------------  --------  ---------  --------  --------  ----  --------
  FLASH                 00000000   00040000  00000d00  0003f300  R  X
  SRAM                  20000000   00008000  00000074  00007f8c  RW X


SEGMENT ALLOCATION MAP

run origin  load origin   length   init length attrs members
----------  ----------- ---------- ----------- ----- -------
00000000    00000000    00000d04   00000d04    r-x
  00000000    00000000    0000026c   0000026c    r-- .intvecs
  0000026c    0000026c    00000970   00000970    r-x .text
  00000bdc    00000bdc    00000110   00000110    r-- .const
  00000cf0    00000cf0    00000014   00000014    r-- .cinit
20000000    20000000    00000074   00000000    rw-
  20000000    20000000    00000068   00000000    rw- .stack
  20000068    20000068    0000000c   00000000    rw- .bss


SECTION ALLOCATION MAP

 output                                  attributes/
section   page    origin      length       input sections
--------  ----  ----------  ----------   ----------------
.intvecs   0    00000000    0000026c     
                  00000000    0000026c     tm4c123gh6pm_startup_ccs.obj (.intvecs)

.text      0    0000026c    00000970     
                  0000026c    000001fc     main.obj (.text)
                  00000468    0000016c     driverlib.lib : gpio.obj (.text:GPIOPadConfigSet)
                  000005d4    00000118                   : sysctl.obj (.text:SysCtlClockGet)
                  000006ec    000000f4                   : sysctl.obj (.text:SysCtlClockSet)
                  000007e0    0000007a                   : adc.obj (.text:ADCSequenceStepConfigure)
                  0000085a    00000002     --HOLE-- [fill = 0]
                  0000085c    00000068                   : interrupt.obj (.text:IntEnable)
                  000008c4    0000004e                   : adc.obj (.text:ADCSequenceConfigure)
                  00000912    00000002     --HOLE-- [fill = 0]
                  00000914    0000004c                   : gpio.obj (.text:GPIOPinConfigure)
                  00000960    00000046                   : uart.obj (.text:UARTConfigSetExpClk)
                  000009a6    00000002     --HOLE-- [fill = 0]
                  000009a8    00000044     rtsv7M4_T_le_v4SPD16_eabi.lib : autoinit.c.obj (.text:__TI_auto_init_nobinit_nopinit:__TI_auto_init_nobinit_nopinit)
                  000009ec    00000034     driverlib.lib : sysctl.obj (.text:SysCtlPeripheralEnable)
                  00000a20    00000034     rtsv7M4_T_le_v4SPD16_eabi.lib : boot_cortex_m.c.obj (.text:_c_int00_noargs:_c_int00_noargs)
                  00000a54    0000002e     driverlib.lib : adc.obj (.text:ADCIntStatus)
                  00000a82    0000002c                   : gpio.obj (.text:GPIODirModeSet)
                  00000aae    00000002     --HOLE-- [fill = 0]
                  00000ab0    00000020                   : uart.obj (.text:UARTDisable)
                  00000ad0    0000001e                   : adc.obj (.text:ADCSequenceDataGet)
                  00000aee    0000001c     rtsv7M4_T_le_v4SPD16_eabi.lib : copy_zero_init.c.obj (.text:decompress:ZI:__TI_zero_init_nomemset:__TI_zero_init_nomemset)
                  00000b0a    0000001a     driverlib.lib : gpio.obj (.text:GPIOPinTypeGPIOOutput)
                  00000b24    00000018                   : adc.obj (.text:ADCProcessorTrigger)
                  00000b3c    00000016                   : gpio.obj (.text:GPIOPinTypeADC)
                  00000b52    00000016                   : gpio.obj (.text:GPIOPinTypeUART)
                  00000b68    00000014                   : uart.obj (.text:UARTEnable)
                  00000b7c    00000010                   : interrupt.obj (.text:IntMasterEnable)
                  00000b8c    0000000e                   : adc.obj (.text:ADCSequenceEnable)
                  00000b9a    0000000c                   : cpu.obj (.text:CPUcpsie)
                  00000ba6    0000000c     tm4c123gh6pm_startup_ccs.obj (.text)
                  00000bb2    0000000a     driverlib.lib : adc.obj (.text:ADCIntClear)
                  00000bbc    0000000a                   : uart.obj (.text:UARTCharPut)
                  00000bc6    00000008                   : uart.obj (.text:UARTIntEnable)
                  00000bce    00000006                   : sysctl.obj (.text:SysCtlDelay)
                  00000bd4    00000004     rtsv7M4_T_le_v4SPD16_eabi.lib : pre_init.c.obj (.text:_system_pre_init)
                  00000bd8    00000004                                   : exit.c.obj (.text:abort:abort)

.const     0    00000bdc    00000110     
                  00000bdc    00000090     driverlib.lib : gpio.obj (.const:g_pui32GPIOBaseAddrs)
                  00000c6c    0000006c                   : sysctl.obj (.const:g_pui32Xtals)
                  00000cd8    00000014                   : interrupt.obj (.const:g_pui32EnRegs)

.cinit     0    00000cf0    00000014     
                  00000cf0    00000008     (.cinit..bss.load) [load image, compression = zero_init]
                  00000cf8    00000004     (__TI_handler_table)
                  00000cfc    00000008     (__TI_cinit_table)

.init_array 
*          0    00000000    00000000     UNINITIALIZED

.bss       0    20000068    0000000c     UNINITIALIZED
                  20000068    00000008     (.common:dat)
                  20000070    00000004     (.common:pui32ADC0Value)

.stack     0    20000000    00000068     UNINITIALIZED
                  20000000    00000004     rtsv7M4_T_le_v4SPD16_eabi.lib : boot_cortex_m.c.obj (.stack)
                  20000004    00000064     --HOLE--

__llvm_prf_cnts 
*          0    20000000    00000000     UNINITIALIZED

MODULE SUMMARY

       Module                         code   ro data   rw data
       ------                         ----   -------   -------
    .\
       tm4c123gh6pm_startup_ccs.obj   12     620       0      
       main.obj                       508    0         12     
    +--+------------------------------+------+---------+---------+
       Total:                         520    620       12     
                                                              
    C:/ti/TivaWare_C_Series-2.2.0.295/driverlib/ccs/Debug/driverlib.lib
       gpio.obj                       554    144       0      
       sysctl.obj                     582    108       0      
       adc.obj                        324    0         0      
       interrupt.obj                  120    20        0      
       uart.obj                       140    0         0      
       cpu.obj                        12     0         0      
    +--+------------------------------+------+---------+---------+
       Total:                         1732   272       0      
                                                              
    C:\ti\ccs1200\ccs\tools\compiler\ti-cgt-arm_20.2.6.LTS\lib\rtsv7M4_T_le_v4SPD16_eabi.lib
       autoinit.c.obj                 68     0         0      
       boot_cortex_m.c.obj            52     0         0      
       copy_zero_init.c.obj           28     0         0      
       exit.c.obj                     4      0         0      
       pre_init.c.obj                 4      0         0      
    +--+------------------------------+------+---------+---------+
       Total:                         156    0         0      
                                                              
       Stack:                         0      0         104    
       Linker Generated:              0      20        0      
    +--+------------------------------+------+---------+---------+
       Grand Total:                   2408   912       116    


LINKER GENERATED COPY TABLES

__TI_cinit_table @ 00000cfc records: 1, size/record: 8, table size: 8
	.bss: load addr=00000cf0, load size=00000008 bytes, run addr=20000068, run size=0000000c bytes, compression=zero_init


LINKER GENERATED HANDLER TABLE

__TI_handler_table @ 00000cf8 records: 1, size/record: 4, table size: 4
	index: 0, handler: __TI_zero_init


GLOBAL SYMBOLS: SORTED ALPHABETICALLY BY Name 

address   name                          
-------   ----                          
00000bb3  ADCIntClear                   
00000a55  ADCIntStatus                  
00000b25  ADCProcessorTrigger           
000008c5  ADCSequenceConfigure          
00000ad1  ADCSequenceDataGet            
00000b8d  ADCSequenceEnable             
000007e1  ADCSequenceStepConfigure      
00000bd9  C$$EXIT                       
00000b9b  CPUcpsie                      
00000a83  GPIODirModeSet                
00000469  GPIOPadConfigSet              
00000915  GPIOPinConfigure              
00000b3d  GPIOPinTypeADC                
00000b0b  GPIOPinTypeGPIOOutput         
00000b53  GPIOPinTypeUART               
0000085d  IntEnable                     
00000b7d  IntMasterEnable               
00000ba7  ResetISR                      
000005d5  SysCtlClockGet                
000006ed  SysCtlClockSet                
00000bcf  SysCtlDelay                   
000009ed  SysCtlPeripheralEnable        
00000bbd  UARTCharPut                   
00000961  UARTConfigSetExpClk           
00000ab1  UARTDisable                   
00000b69  UARTEnable                    
00000bc7  UARTIntEnable                 
20000068  __STACK_END                   
00000068  __STACK_SIZE                  
20000200  __STACK_TOP                   
00000cfc  __TI_CINIT_Base               
00000d04  __TI_CINIT_Limit              
00000cf8  __TI_Handler_Table_Base       
00000cfc  __TI_Handler_Table_Limit      
000009a9  __TI_auto_init_nobinit_nopinit
ffffffff  __TI_pprof_out_hndl           
ffffffff  __TI_prof_data_size           
ffffffff  __TI_prof_data_start          
00000000  __TI_static_base__            
00000aef  __TI_zero_init_nomemset       
ffffffff  __binit__                     
ffffffff  __c_args__                    
UNDEFED   __mpu_init                    
20000000  __stack                       
20000000  __start___llvm_prf_cnts       
20000000  __stop___llvm_prf_cnts        
00000a21  _c_int00_noargs               
UNDEFED   _system_post_cinit            
00000bd5  _system_pre_init              
00000bd9  abort                         
ffffffff  binit                         
20000068  dat                           
00000000  g_pfnVectors                  
0000026d  main                          
20000070  pui32ADC0Value                


GLOBAL SYMBOLS: SORTED BY Symbol Address 

address   name                          
-------   ----                          
00000000  __TI_static_base__            
00000000  g_pfnVectors                  
00000068  __STACK_SIZE                  
0000026d  main                          
00000469  GPIOPadConfigSet              
000005d5  SysCtlClockGet                
000006ed  SysCtlClockSet                
000007e1  ADCSequenceStepConfigure      
0000085d  IntEnable                     
000008c5  ADCSequenceConfigure          
00000915  GPIOPinConfigure              
00000961  UARTConfigSetExpClk           
000009a9  __TI_auto_init_nobinit_nopinit
000009ed  SysCtlPeripheralEnable        
00000a21  _c_int00_noargs               
00000a55  ADCIntStatus                  
00000a83  GPIODirModeSet                
00000ab1  UARTDisable                   
00000ad1  ADCSequenceDataGet            
00000aef  __TI_zero_init_nomemset       
00000b0b  GPIOPinTypeGPIOOutput         
00000b25  ADCProcessorTrigger           
00000b3d  GPIOPinTypeADC                
00000b53  GPIOPinTypeUART               
00000b69  UARTEnable                    
00000b7d  IntMasterEnable               
00000b8d  ADCSequenceEnable             
00000b9b  CPUcpsie                      
00000ba7  ResetISR                      
00000bb3  ADCIntClear                   
00000bbd  UARTCharPut                   
00000bc7  UARTIntEnable                 
00000bcf  SysCtlDelay                   
00000bd5  _system_pre_init              
00000bd9  C$$EXIT                       
00000bd9  abort                         
00000cf8  __TI_Handler_Table_Base       
00000cfc  __TI_CINIT_Base               
00000cfc  __TI_Handler_Table_Limit      
00000d04  __TI_CINIT_Limit              
20000000  __stack                       
20000000  __start___llvm_prf_cnts       
20000000  __stop___llvm_prf_cnts        
20000068  __STACK_END                   
20000068  dat                           
20000070  pui32ADC0Value                
20000200  __STACK_TOP                   
ffffffff  __TI_pprof_out_hndl           
ffffffff  __TI_prof_data_size           
ffffffff  __TI_prof_data_start          
ffffffff  __binit__                     
ffffffff  __c_args__                    
ffffffff  binit                         
UNDEFED   __mpu_init                    
UNDEFED   _system_post_cinit            

[55 symbols]
