******************************************************************************
                  TI ARM Linker PC v20.2.6                     
******************************************************************************
>> Linked Tue Nov  8 22:33:07 2022

OUTPUT FILE NAME:   <Practica_3.out>
ENTRY POINT SYMBOL: "_c_int00_noargs"  address: 00000a75


MEMORY CONFIGURATION

         name            origin    length      used     unused   attr    fill
----------------------  --------  ---------  --------  --------  ----  --------
  FLASH                 00000000   00040000  00000d24  0003f2dc  R  X
  SRAM                  20000000   00008000  0000008c  00007f74  RW X


SEGMENT ALLOCATION MAP

run origin  load origin   length   init length attrs members
----------  ----------- ---------- ----------- ----- -------
00000000    00000000    00000d24   00000d24    r-x
  00000000    00000000    0000026c   0000026c    r-- .intvecs
  0000026c    0000026c    00000994   00000994    r-x .text
  00000c00    00000c00    00000110   00000110    r-- .const
  00000d10    00000d10    00000014   00000014    r-- .cinit
20000000    20000000    0000008c   00000000    rw-
  20000000    20000000    00000068   00000000    rw- .stack
  20000068    20000068    00000024   00000000    rw- .bss


SECTION ALLOCATION MAP

 output                                  attributes/
section   page    origin      length       input sections
--------  ----  ----------  ----------   ----------------
.intvecs   0    00000000    0000026c     
                  00000000    0000026c     tm4c123gh6pm_startup_ccs.obj (.intvecs)

.text      0    0000026c    00000994     
                  0000026c    00000250     main.obj (.text)
                  000004bc    0000016c     driverlib.lib : gpio.obj (.text:GPIOPadConfigSet)
                  00000628    00000118                   : sysctl.obj (.text:SysCtlClockGet)
                  00000740    000000f4                   : sysctl.obj (.text:SysCtlClockSet)
                  00000834    0000007a                   : adc.obj (.text:ADCSequenceStepConfigure)
                  000008ae    00000002     --HOLE-- [fill = 0]
                  000008b0    00000068                   : interrupt.obj (.text:IntEnable)
                  00000918    0000004e                   : adc.obj (.text:ADCSequenceConfigure)
                  00000966    00000002     --HOLE-- [fill = 0]
                  00000968    0000004c                   : gpio.obj (.text:GPIOPinConfigure)
                  000009b4    00000046                   : uart.obj (.text:UARTConfigSetExpClk)
                  000009fa    00000002     --HOLE-- [fill = 0]
                  000009fc    00000044     rtsv7M4_T_le_v4SPD16_eabi.lib : autoinit.c.obj (.text:__TI_auto_init_nobinit_nopinit:__TI_auto_init_nobinit_nopinit)
                  00000a40    00000034     driverlib.lib : sysctl.obj (.text:SysCtlPeripheralEnable)
                  00000a74    00000034     rtsv7M4_T_le_v4SPD16_eabi.lib : boot_cortex_m.c.obj (.text:_c_int00_noargs:_c_int00_noargs)
                  00000aa8    0000002e     driverlib.lib : adc.obj (.text:ADCIntStatus)
                  00000ad6    0000002c                   : gpio.obj (.text:GPIODirModeSet)
                  00000b02    00000002     --HOLE-- [fill = 0]
                  00000b04    00000020                   : uart.obj (.text:UARTDisable)
                  00000b24    0000001e                   : adc.obj (.text:ADCSequenceDataGet)
                  00000b42    0000001c     rtsv7M4_T_le_v4SPD16_eabi.lib : copy_zero_init.c.obj (.text:decompress:ZI:__TI_zero_init_nomemset:__TI_zero_init_nomemset)
                  00000b5e    00000018     driverlib.lib : adc.obj (.text:ADCProcessorTrigger)
                  00000b76    00000016                   : gpio.obj (.text:GPIOPinTypeUART)
                  00000b8c    00000014                   : uart.obj (.text:UARTEnable)
                  00000ba0    00000010                   : interrupt.obj (.text:IntMasterEnable)
                  00000bb0    0000000e                   : adc.obj (.text:ADCSequenceEnable)
                  00000bbe    0000000c                   : cpu.obj (.text:CPUcpsie)
                  00000bca    0000000c     tm4c123gh6pm_startup_ccs.obj (.text)
                  00000bd6    0000000a     driverlib.lib : adc.obj (.text:ADCIntClear)
                  00000be0    0000000a                   : uart.obj (.text:UARTCharPut)
                  00000bea    00000008                   : uart.obj (.text:UARTIntEnable)
                  00000bf2    00000006                   : sysctl.obj (.text:SysCtlDelay)
                  00000bf8    00000004     rtsv7M4_T_le_v4SPD16_eabi.lib : pre_init.c.obj (.text:_system_pre_init)
                  00000bfc    00000004                                   : exit.c.obj (.text:abort:abort)

.const     0    00000c00    00000110     
                  00000c00    00000090     driverlib.lib : gpio.obj (.const:g_pui32GPIOBaseAddrs)
                  00000c90    0000006c                   : sysctl.obj (.const:g_pui32Xtals)
                  00000cfc    00000014                   : interrupt.obj (.const:g_pui32EnRegs)

.cinit     0    00000d10    00000014     
                  00000d10    00000008     (.cinit..bss.load) [load image, compression = zero_init]
                  00000d18    00000004     (__TI_handler_table)
                  00000d1c    00000008     (__TI_cinit_table)

.init_array 
*          0    00000000    00000000     UNINITIALIZED

.bss       0    20000068    00000024     UNINITIALIZED
                  20000068    00000010     (.common:ui32ADC0Value)
                  20000078    00000008     (.common:dat)
                  20000080    00000004     (.common:ui32TempAvg)
                  20000084    00000004     (.common:ui32TempValueC)
                  20000088    00000004     (.common:ui32TempValueF)

.stack     0    20000000    00000068     UNINITIALIZED
                  20000000    00000004     rtsv7M4_T_le_v4SPD16_eabi.lib : boot_cortex_m.c.obj (.stack)
                  20000004    00000064     --HOLE--

__llvm_prf_cnts 
*          0    20000000    00000000     UNINITIALIZED

MODULE SUMMARY

       Module                         code   ro data   rw data
       ------                         ----   -------   -------
    .\
       tm4c123gh6pm_startup_ccs.obj   12     620       0      
       main.obj                       592    0         36     
    +--+------------------------------+------+---------+---------+
       Total:                         604    620       36     
                                                              
    C:/ti/TivaWare_C_Series-2.2.0.295/driverlib/ccs/Debug/driverlib.lib
       sysctl.obj                     582    108       0      
       gpio.obj                       506    144       0      
       adc.obj                        324    0         0      
       interrupt.obj                  120    20        0      
       uart.obj                       140    0         0      
       cpu.obj                        12     0         0      
    +--+------------------------------+------+---------+---------+
       Total:                         1684   272       0      
                                                              
    C:\ti\ccs1200\ccs\tools\compiler\ti-cgt-arm_20.2.6.LTS\lib\rtsv7M4_T_le_v4SPD16_eabi.lib
       autoinit.c.obj                 68     0         0      
       boot_cortex_m.c.obj            52     0         0      
       copy_zero_init.c.obj           28     0         0      
       exit.c.obj                     4      0         0      
       pre_init.c.obj                 4      0         0      
    +--+------------------------------+------+---------+---------+
       Total:                         156    0         0      
                                                              
       Stack:                         0      0         104    
       Linker Generated:              0      20        0      
    +--+------------------------------+------+---------+---------+
       Grand Total:                   2444   912       140    


LINKER GENERATED COPY TABLES

__TI_cinit_table @ 00000d1c records: 1, size/record: 8, table size: 8
	.bss: load addr=00000d10, load size=00000008 bytes, run addr=20000068, run size=00000024 bytes, compression=zero_init


LINKER GENERATED HANDLER TABLE

__TI_handler_table @ 00000d18 records: 1, size/record: 4, table size: 4
	index: 0, handler: __TI_zero_init


GLOBAL SYMBOLS: SORTED ALPHABETICALLY BY Name 

address   name                          
-------   ----                          
00000bd7  ADCIntClear                   
00000aa9  ADCIntStatus                  
00000b5f  ADCProcessorTrigger           
00000919  ADCSequenceConfigure          
00000b25  ADCSequenceDataGet            
00000bb1  ADCSequenceEnable             
00000835  ADCSequenceStepConfigure      
00000bfd  C$$EXIT                       
00000bbf  CPUcpsie                      
00000ad7  GPIODirModeSet                
000004bd  GPIOPadConfigSet              
00000969  GPIOPinConfigure              
00000b77  GPIOPinTypeUART               
000008b1  IntEnable                     
00000ba1  IntMasterEnable               
00000bcb  ResetISR                      
00000629  SysCtlClockGet                
00000741  SysCtlClockSet                
00000bf3  SysCtlDelay                   
00000a41  SysCtlPeripheralEnable        
00000be1  UARTCharPut                   
000009b5  UARTConfigSetExpClk           
00000b05  UARTDisable                   
00000b8d  UARTEnable                    
00000beb  UARTIntEnable                 
20000068  __STACK_END                   
00000068  __STACK_SIZE                  
20000200  __STACK_TOP                   
00000d1c  __TI_CINIT_Base               
00000d24  __TI_CINIT_Limit              
00000d18  __TI_Handler_Table_Base       
00000d1c  __TI_Handler_Table_Limit      
000009fd  __TI_auto_init_nobinit_nopinit
ffffffff  __TI_pprof_out_hndl           
ffffffff  __TI_prof_data_size           
ffffffff  __TI_prof_data_start          
00000000  __TI_static_base__            
00000b43  __TI_zero_init_nomemset       
ffffffff  __binit__                     
ffffffff  __c_args__                    
UNDEFED   __mpu_init                    
20000000  __stack                       
20000000  __start___llvm_prf_cnts       
20000000  __stop___llvm_prf_cnts        
00000a75  _c_int00_noargs               
UNDEFED   _system_post_cinit            
00000bf9  _system_pre_init              
00000bfd  abort                         
ffffffff  binit                         
20000078  dat                           
00000000  g_pfnVectors                  
0000026d  main                          
20000068  ui32ADC0Value                 
20000080  ui32TempAvg                   
20000084  ui32TempValueC                
20000088  ui32TempValueF                


GLOBAL SYMBOLS: SORTED BY Symbol Address 

address   name                          
-------   ----                          
00000000  __TI_static_base__            
00000000  g_pfnVectors                  
00000068  __STACK_SIZE                  
0000026d  main                          
000004bd  GPIOPadConfigSet              
00000629  SysCtlClockGet                
00000741  SysCtlClockSet                
00000835  ADCSequenceStepConfigure      
000008b1  IntEnable                     
00000919  ADCSequenceConfigure          
00000969  GPIOPinConfigure              
000009b5  UARTConfigSetExpClk           
000009fd  __TI_auto_init_nobinit_nopinit
00000a41  SysCtlPeripheralEnable        
00000a75  _c_int00_noargs               
00000aa9  ADCIntStatus                  
00000ad7  GPIODirModeSet                
00000b05  UARTDisable                   
00000b25  ADCSequenceDataGet            
00000b43  __TI_zero_init_nomemset       
00000b5f  ADCProcessorTrigger           
00000b77  GPIOPinTypeUART               
00000b8d  UARTEnable                    
00000ba1  IntMasterEnable               
00000bb1  ADCSequenceEnable             
00000bbf  CPUcpsie                      
00000bcb  ResetISR                      
00000bd7  ADCIntClear                   
00000be1  UARTCharPut                   
00000beb  UARTIntEnable                 
00000bf3  SysCtlDelay                   
00000bf9  _system_pre_init              
00000bfd  C$$EXIT                       
00000bfd  abort                         
00000d18  __TI_Handler_Table_Base       
00000d1c  __TI_CINIT_Base               
00000d1c  __TI_Handler_Table_Limit      
00000d24  __TI_CINIT_Limit              
20000000  __stack                       
20000000  __start___llvm_prf_cnts       
20000000  __stop___llvm_prf_cnts        
20000068  __STACK_END                   
20000068  ui32ADC0Value                 
20000078  dat                           
20000080  ui32TempAvg                   
20000084  ui32TempValueC                
20000088  ui32TempValueF                
20000200  __STACK_TOP                   
ffffffff  __TI_pprof_out_hndl           
ffffffff  __TI_prof_data_size           
ffffffff  __TI_prof_data_start          
ffffffff  __binit__                     
ffffffff  __c_args__                    
ffffffff  binit                         
UNDEFED   __mpu_init                    
UNDEFED   _system_post_cinit            

[56 symbols]
