******************************************************************************
                  TI ARM Linker PC v20.2.6                     
******************************************************************************
>> Linked Fri Nov 11 20:22:00 2022

OUTPUT FILE NAME:   <Practica_3.out>
ENTRY POINT SYMBOL: "_c_int00_noargs"  address: 00000af1


MEMORY CONFIGURATION

         name            origin    length      used     unused   attr    fill
----------------------  --------  ---------  --------  --------  ----  --------
  FLASH                 00000000   00040000  00000db6  0003f24a  R  X
  SRAM                  20000000   00008000  0000009c  00007f64  RW X


SEGMENT ALLOCATION MAP

run origin  load origin   length   init length attrs members
----------  ----------- ---------- ----------- ----- -------
00000000    00000000    00000dbc   00000dbc    r-x
  00000000    00000000    0000026c   0000026c    r-- .intvecs
  0000026c    0000026c    00000a26   00000a26    r-x .text
  00000c94    00000c94    00000110   00000110    r-- .const
  00000da8    00000da8    00000014   00000014    r-- .cinit
20000000    20000000    0000009c   00000000    rw-
  20000000    20000000    00000068   00000000    rw- .stack
  20000068    20000068    00000034   00000000    rw- .bss


SECTION ALLOCATION MAP

 output                                  attributes/
section   page    origin      length       input sections
--------  ----  ----------  ----------   ----------------
.intvecs   0    00000000    0000026c     
                  00000000    0000026c     tm4c123gh6pm_startup_ccs.obj (.intvecs)

.text      0    0000026c    00000a26     
                  0000026c    000002cc     main.obj (.text)
                  00000538    0000016c     driverlib.lib : gpio.obj (.text:GPIOPadConfigSet)
                  000006a4    00000118                   : sysctl.obj (.text:SysCtlClockGet)
                  000007bc    000000f4                   : sysctl.obj (.text:SysCtlClockSet)
                  000008b0    0000007a                   : adc.obj (.text:ADCSequenceStepConfigure)
                  0000092a    00000002     --HOLE-- [fill = 0]
                  0000092c    00000068                   : interrupt.obj (.text:IntEnable)
                  00000994    0000004e                   : adc.obj (.text:ADCSequenceConfigure)
                  000009e2    00000002     --HOLE-- [fill = 0]
                  000009e4    0000004c                   : gpio.obj (.text:GPIOPinConfigure)
                  00000a30    00000046                   : uart.obj (.text:UARTConfigSetExpClk)
                  00000a76    00000002     --HOLE-- [fill = 0]
                  00000a78    00000044     rtsv7M4_T_le_v4SPD16_eabi.lib : autoinit.c.obj (.text:__TI_auto_init_nobinit_nopinit:__TI_auto_init_nobinit_nopinit)
                  00000abc    00000034     driverlib.lib : sysctl.obj (.text:SysCtlPeripheralEnable)
                  00000af0    00000034     rtsv7M4_T_le_v4SPD16_eabi.lib : boot_cortex_m.c.obj (.text:_c_int00_noargs:_c_int00_noargs)
                  00000b24    0000002e     driverlib.lib : adc.obj (.text:ADCIntStatus)
                  00000b52    0000002c                   : gpio.obj (.text:GPIODirModeSet)
                  00000b7e    00000002     --HOLE-- [fill = 0]
                  00000b80    00000020                   : uart.obj (.text:UARTDisable)
                  00000ba0    0000001e                   : adc.obj (.text:ADCSequenceDataGet)
                  00000bbe    0000001c     rtsv7M4_T_le_v4SPD16_eabi.lib : copy_zero_init.c.obj (.text:decompress:ZI:__TI_zero_init_nomemset:__TI_zero_init_nomemset)
                  00000bda    00000018     driverlib.lib : adc.obj (.text:ADCProcessorTrigger)
                  00000bf2    00000016                   : gpio.obj (.text:GPIOPinTypeADC)
                  00000c08    00000016                   : gpio.obj (.text:GPIOPinTypeUART)
                  00000c1e    00000014                   : uart.obj (.text:UARTEnable)
                  00000c32    00000010                   : interrupt.obj (.text:IntMasterEnable)
                  00000c42    0000000e                   : adc.obj (.text:ADCSequenceEnable)
                  00000c50    0000000c                   : cpu.obj (.text:CPUcpsie)
                  00000c5c    0000000c     tm4c123gh6pm_startup_ccs.obj (.text)
                  00000c68    0000000a     driverlib.lib : adc.obj (.text:ADCIntClear)
                  00000c72    0000000a                   : uart.obj (.text:UARTCharPut)
                  00000c7c    00000008                   : uart.obj (.text:UARTIntEnable)
                  00000c84    00000006                   : sysctl.obj (.text:SysCtlDelay)
                  00000c8a    00000004     rtsv7M4_T_le_v4SPD16_eabi.lib : pre_init.c.obj (.text:_system_pre_init)
                  00000c8e    00000004                                   : exit.c.obj (.text:abort:abort)

.const     0    00000c94    00000110     
                  00000c94    00000090     driverlib.lib : gpio.obj (.const:g_pui32GPIOBaseAddrs)
                  00000d24    0000006c                   : sysctl.obj (.const:g_pui32Xtals)
                  00000d90    00000014                   : interrupt.obj (.const:g_pui32EnRegs)

.cinit     0    00000da8    00000014     
                  00000da8    00000008     (.cinit..bss.load) [load image, compression = zero_init]
                  00000db0    00000004     (__TI_handler_table)
                  00000db4    00000008     (__TI_cinit_table)

.init_array 
*          0    00000000    00000000     UNINITIALIZED

.bss       0    20000068    00000034     UNINITIALIZED
                  20000068    00000010     (.common:ui32ADC0Value)
                  20000078    00000010     (.common:ui32ADC0Value1)
                  20000088    00000008     (.common:dat)
                  20000090    00000004     (.common:ui32TempAvg)
                  20000094    00000004     (.common:ui32TempValueC)
                  20000098    00000004     (.common:ui32TempValueF)

.stack     0    20000000    00000068     UNINITIALIZED
                  20000000    00000004     rtsv7M4_T_le_v4SPD16_eabi.lib : boot_cortex_m.c.obj (.stack)
                  20000004    00000064     --HOLE--

__llvm_prf_cnts 
*          0    20000000    00000000     UNINITIALIZED

MODULE SUMMARY

       Module                         code   ro data   rw data
       ------                         ----   -------   -------
    .\
       main.obj                       716    0         52     
       tm4c123gh6pm_startup_ccs.obj   12     620       0      
    +--+------------------------------+------+---------+---------+
       Total:                         728    620       52     
                                                              
    C:/ti/TivaWare_C_Series-2.2.0.295/driverlib/ccs/Debug/driverlib.lib
       sysctl.obj                     582    108       0      
       gpio.obj                       528    144       0      
       adc.obj                        324    0         0      
       interrupt.obj                  120    20        0      
       uart.obj                       140    0         0      
       cpu.obj                        12     0         0      
    +--+------------------------------+------+---------+---------+
       Total:                         1706   272       0      
                                                              
    C:\ti\ccs1200\ccs\tools\compiler\ti-cgt-arm_20.2.6.LTS\lib\rtsv7M4_T_le_v4SPD16_eabi.lib
       autoinit.c.obj                 68     0         0      
       boot_cortex_m.c.obj            52     0         0      
       copy_zero_init.c.obj           28     0         0      
       exit.c.obj                     4      0         0      
       pre_init.c.obj                 4      0         0      
    +--+------------------------------+------+---------+---------+
       Total:                         156    0         0      
                                                              
       Stack:                         0      0         104    
       Linker Generated:              0      20        0      
    +--+------------------------------+------+---------+---------+
       Grand Total:                   2590   912       156    


LINKER GENERATED COPY TABLES

__TI_cinit_table @ 00000db4 records: 1, size/record: 8, table size: 8
	.bss: load addr=00000da8, load size=00000008 bytes, run addr=20000068, run size=00000034 bytes, compression=zero_init


LINKER GENERATED HANDLER TABLE

__TI_handler_table @ 00000db0 records: 1, size/record: 4, table size: 4
	index: 0, handler: __TI_zero_init


GLOBAL SYMBOLS: SORTED ALPHABETICALLY BY Name 

address   name                          
-------   ----                          
00000c69  ADCIntClear                   
00000b25  ADCIntStatus                  
00000bdb  ADCProcessorTrigger           
00000995  ADCSequenceConfigure          
00000ba1  ADCSequenceDataGet            
00000c43  ADCSequenceEnable             
000008b1  ADCSequenceStepConfigure      
00000c8f  C$$EXIT                       
00000c51  CPUcpsie                      
000002b9  ConfigSensorTemperatura       
0000026d  ConfigUART                    
00000b53  GPIODirModeSet                
00000539  GPIOPadConfigSet              
000009e5  GPIOPinConfigure              
00000bf3  GPIOPinTypeADC                
00000c09  GPIOPinTypeUART               
0000092d  IntEnable                     
00000c33  IntMasterEnable               
00000c5d  ResetISR                      
000006a5  SysCtlClockGet                
000007bd  SysCtlClockSet                
00000c85  SysCtlDelay                   
00000abd  SysCtlPeripheralEnable        
00000c73  UARTCharPut                   
00000a31  UARTConfigSetExpClk           
00000b81  UARTDisable                   
00000c1f  UARTEnable                    
00000c7d  UARTIntEnable                 
20000068  __STACK_END                   
00000068  __STACK_SIZE                  
20000200  __STACK_TOP                   
00000db4  __TI_CINIT_Base               
00000dbc  __TI_CINIT_Limit              
00000db0  __TI_Handler_Table_Base       
00000db4  __TI_Handler_Table_Limit      
00000a79  __TI_auto_init_nobinit_nopinit
ffffffff  __TI_pprof_out_hndl           
ffffffff  __TI_prof_data_size           
ffffffff  __TI_prof_data_start          
00000000  __TI_static_base__            
00000bbf  __TI_zero_init_nomemset       
ffffffff  __binit__                     
ffffffff  __c_args__                    
UNDEFED   __mpu_init                    
20000000  __stack                       
20000000  __start___llvm_prf_cnts       
20000000  __stop___llvm_prf_cnts        
00000af1  _c_int00_noargs               
UNDEFED   _system_post_cinit            
00000c8b  _system_pre_init              
00000c8f  abort                         
ffffffff  binit                         
20000088  dat                           
00000000  g_pfnVectors                  
0000034d  main                          
20000068  ui32ADC0Value                 
20000078  ui32ADC0Value1                
20000090  ui32TempAvg                   
20000094  ui32TempValueC                
20000098  ui32TempValueF                


GLOBAL SYMBOLS: SORTED BY Symbol Address 

address   name                          
-------   ----                          
00000000  __TI_static_base__            
00000000  g_pfnVectors                  
00000068  __STACK_SIZE                  
0000026d  ConfigUART                    
000002b9  ConfigSensorTemperatura       
0000034d  main                          
00000539  GPIOPadConfigSet              
000006a5  SysCtlClockGet                
000007bd  SysCtlClockSet                
000008b1  ADCSequenceStepConfigure      
0000092d  IntEnable                     
00000995  ADCSequenceConfigure          
000009e5  GPIOPinConfigure              
00000a31  UARTConfigSetExpClk           
00000a79  __TI_auto_init_nobinit_nopinit
00000abd  SysCtlPeripheralEnable        
00000af1  _c_int00_noargs               
00000b25  ADCIntStatus                  
00000b53  GPIODirModeSet                
00000b81  UARTDisable                   
00000ba1  ADCSequenceDataGet            
00000bbf  __TI_zero_init_nomemset       
00000bdb  ADCProcessorTrigger           
00000bf3  GPIOPinTypeADC                
00000c09  GPIOPinTypeUART               
00000c1f  UARTEnable                    
00000c33  IntMasterEnable               
00000c43  ADCSequenceEnable             
00000c51  CPUcpsie                      
00000c5d  ResetISR                      
00000c69  ADCIntClear                   
00000c73  UARTCharPut                   
00000c7d  UARTIntEnable                 
00000c85  SysCtlDelay                   
00000c8b  _system_pre_init              
00000c8f  C$$EXIT                       
00000c8f  abort                         
00000db0  __TI_Handler_Table_Base       
00000db4  __TI_CINIT_Base               
00000db4  __TI_Handler_Table_Limit      
00000dbc  __TI_CINIT_Limit              
20000000  __stack                       
20000000  __start___llvm_prf_cnts       
20000000  __stop___llvm_prf_cnts        
20000068  __STACK_END                   
20000068  ui32ADC0Value                 
20000078  ui32ADC0Value1                
20000088  dat                           
20000090  ui32TempAvg                   
20000094  ui32TempValueC                
20000098  ui32TempValueF                
20000200  __STACK_TOP                   
ffffffff  __TI_pprof_out_hndl           
ffffffff  __TI_prof_data_size           
ffffffff  __TI_prof_data_start          
ffffffff  __binit__                     
ffffffff  __c_args__                    
ffffffff  binit                         
UNDEFED   __mpu_init                    
UNDEFED   _system_post_cinit            

[60 symbols]
