******************************************************************************
                  TI ARM Linker PC v20.2.6                     
******************************************************************************
>> Linked Thu Nov 10 21:46:00 2022

OUTPUT FILE NAME:   <Practica_3.out>
ENTRY POINT SYMBOL: "_c_int00_noargs"  address: 0000126d


MEMORY CONFIGURATION

         name            origin    length      used     unused   attr    fill
----------------------  --------  ---------  --------  --------  ----  --------
  FLASH                 00000000   00040000  00001626  0003e9da  R  X
  SRAM                  20000000   00008000  000000ac  00007f54  RW X


SEGMENT ALLOCATION MAP

run origin  load origin   length   init length attrs members
----------  ----------- ---------- ----------- ----- -------
00000000    00000000    00001628   00001628    r-x
  00000000    00000000    0000026c   0000026c    r-- .intvecs
  0000026c    0000026c    00001176   00001176    r-x .text
  000013e4    000013e4    00000214   00000214    r-- .const
  000015f8    000015f8    00000030   00000030    r-- .cinit
20000000    20000000    000000ac   00000000    rw-
  20000000    20000000    00000068   00000000    rw- .stack
  20000068    20000068    00000040   00000000    rw- .bss
  200000a8    200000a8    00000004   00000000    rw- .data


SECTION ALLOCATION MAP

 output                                  attributes/
section   page    origin      length       input sections
--------  ----  ----------  ----------   ----------------
.intvecs   0    00000000    0000026c     
                  00000000    0000026c     tm4c123gh6pm_startup_ccs.obj (.intvecs)

.text      0    0000026c    00001176     
                  0000026c    00000654     main.obj (.text)
                  000008c0    000001b6     rtsv7M4_T_le_v4SPD16_eabi.lib : fd_add_t2.asm.obj (.text)
                  00000a76    00000002     --HOLE-- [fill = 0]
                  00000a78    0000016c     driverlib.lib : gpio.obj (.text:GPIOPadConfigSet)
                  00000be4    00000136     rtsv7M4_T_le_v4SPD16_eabi.lib : fd_div_t2.asm.obj (.text)
                  00000d1a    00000002     --HOLE-- [fill = 0]
                  00000d1c    00000118     driverlib.lib : sysctl.obj (.text:SysCtlClockGet)
                  00000e34    000000f4                   : sysctl.obj (.text:SysCtlClockSet)
                  00000f28    0000009c     rtsv7M4_T_le_v4SPD16_eabi.lib : memcpy_t2.asm.obj (.text)
                  00000fc4    00000068     driverlib.lib : interrupt.obj (.text:IntEnable)
                  0000102c    00000068     rtsv7M4_T_le_v4SPD16_eabi.lib : copy_decompress_lzss.c.obj (.text:decompress:lzss:__TI_decompress_lzss)
                  00001094    0000004c     driverlib.lib : gpio.obj (.text:GPIOPinConfigure)
                  000010e0    0000004c     rtsv7M4_T_le_v4SPD16_eabi.lib : atoi.c.obj (.text:atoi)
                  0000112c    00000048                                   : fd_toi_t2.asm.obj (.text)
                  00001174    00000046     driverlib.lib : uart.obj (.text:UARTConfigSetExpClk)
                  000011ba    00000002     --HOLE-- [fill = 0]
                  000011bc    00000044     rtsv7M4_T_le_v4SPD16_eabi.lib : autoinit.c.obj (.text:__TI_auto_init_nobinit_nopinit:__TI_auto_init_nobinit_nopinit)
                  00001200    00000038                                   : fs_tod_t2.asm.obj (.text)
                  00001238    00000034     driverlib.lib : sysctl.obj (.text:SysCtlPeripheralEnable)
                  0000126c    00000034     rtsv7M4_T_le_v4SPD16_eabi.lib : boot_cortex_m.c.obj (.text:_c_int00_noargs:_c_int00_noargs)
                  000012a0    0000002e                                   : i_tofd_t2.asm.obj (.text)
                  000012ce    0000002c     driverlib.lib : gpio.obj (.text:GPIODirModeSet)
                  000012fa    00000002     --HOLE-- [fill = 0]
                  000012fc    00000020                   : uart.obj (.text:UARTDisable)
                  0000131c    0000001c     rtsv7M4_T_le_v4SPD16_eabi.lib : copy_zero_init.c.obj (.text:decompress:ZI:__TI_zero_init_nomemset:__TI_zero_init_nomemset)
                  00001338    00000016     driverlib.lib : gpio.obj (.text:GPIOPinTypeUART)
                  0000134e    00000014                   : uart.obj (.text:UARTEnable)
                  00001362    00000010                   : interrupt.obj (.text:IntMasterEnable)
                  00001372    0000000e                   : uart.obj (.text:UARTCharGetNonBlocking)
                  00001380    0000000e                   : uart.obj (.text:UARTCharsAvail)
                  0000138e    0000000e     rtsv7M4_T_le_v4SPD16_eabi.lib : copy_decompress_none.c.obj (.text:decompress:none:__TI_decompress_none)
                  0000139c    0000000c     driverlib.lib : cpu.obj (.text:CPUcpsie)
                  000013a8    0000000c     tm4c123gh6pm_startup_ccs.obj (.text)
                  000013b4    0000000a     driverlib.lib : uart.obj (.text:UARTCharPut)
                  000013be    0000000a                   : uart.obj (.text:UARTIntStatus)
                  000013c8    00000008                   : uart.obj (.text:UARTIntEnable)
                  000013d0    00000006                   : sysctl.obj (.text:SysCtlDelay)
                  000013d6    00000004                   : uart.obj (.text:UARTIntClear)
                  000013da    00000004     rtsv7M4_T_le_v4SPD16_eabi.lib : pre_init.c.obj (.text:_system_pre_init)
                  000013de    00000004                                   : exit.c.obj (.text:abort:abort)

.const     0    000013e4    00000214     
                  000013e4    00000101     rtsv7M4_T_le_v4SPD16_eabi.lib : ctype.c.obj (.const:.string:_ctypes_)
                  000014e5    00000003     --HOLE-- [fill = 0]
                  000014e8    00000090     driverlib.lib : gpio.obj (.const:g_pui32GPIOBaseAddrs)
                  00001578    0000006c                   : sysctl.obj (.const:g_pui32Xtals)
                  000015e4    00000014                   : interrupt.obj (.const:g_pui32EnRegs)

.cinit     0    000015f8    00000030     
                  000015f8    0000000c     (__TI_handler_table)
                  00001604    00000004     --HOLE-- [fill = 0]
                  00001608    00000008     (.cinit..bss.load) [load image, compression = zero_init]
                  00001610    00000007     (.cinit..data.load) [load image, compression = lzss]
                  00001617    00000001     --HOLE-- [fill = 0]
                  00001618    00000010     (__TI_cinit_table)

.init_array 
*          0    00000000    00000000     UNINITIALIZED

.bss       0    20000068    00000040     UNINITIALIZED
                  20000068    00000010     (.common:dato)
                  20000078    0000000c     (.common:dat)
                  20000084    00000004     (.common:ui32Status)
                  20000088    00000008     (.common:ResultadoOperacion)
                  20000090    00000008     (.common:num1)
                  20000098    00000008     (.common:num2)
                  200000a0    00000004     (.common:valor1)
                  200000a4    00000004     (.common:valor2)

.data      0    200000a8    00000004     UNINITIALIZED
                  200000a8    00000004     main.obj (.data)

.stack     0    20000000    00000068     UNINITIALIZED
                  20000000    00000004     rtsv7M4_T_le_v4SPD16_eabi.lib : boot_cortex_m.c.obj (.stack)
                  20000004    00000064     --HOLE--

__llvm_prf_cnts 
*          0    20000000    00000000     UNINITIALIZED

MODULE SUMMARY

       Module                         code   ro data   rw data
       ------                         ----   -------   -------
    .\
       main.obj                       1620   0         68     
       tm4c123gh6pm_startup_ccs.obj   12     620       0      
    +--+------------------------------+------+---------+---------+
       Total:                         1632   620       68     
                                                              
    C:/ti/TivaWare_C_Series-2.2.0.295/driverlib/ccs/Debug/driverlib.lib
       sysctl.obj                     582    108       0      
       gpio.obj                       506    144       0      
       uart.obj                       182    0         0      
       interrupt.obj                  120    20        0      
       cpu.obj                        12     0         0      
    +--+------------------------------+------+---------+---------+
       Total:                         1402   272       0      
                                                              
    C:\ti\ccs1200\ccs\tools\compiler\ti-cgt-arm_20.2.6.LTS\lib\rtsv7M4_T_le_v4SPD16_eabi.lib
       fd_add_t2.asm.obj              438    0         0      
       fd_div_t2.asm.obj              310    0         0      
       ctype.c.obj                    0      257       0      
       memcpy_t2.asm.obj              156    0         0      
       copy_decompress_lzss.c.obj     104    0         0      
       atoi.c.obj                     76     0         0      
       fd_toi_t2.asm.obj              72     0         0      
       autoinit.c.obj                 68     0         0      
       fs_tod_t2.asm.obj              56     0         0      
       boot_cortex_m.c.obj            52     0         0      
       i_tofd_t2.asm.obj              46     0         0      
       copy_zero_init.c.obj           28     0         0      
       copy_decompress_none.c.obj     14     0         0      
       exit.c.obj                     4      0         0      
       pre_init.c.obj                 4      0         0      
    +--+------------------------------+------+---------+---------+
       Total:                         1428   257       0      
                                                              
       Stack:                         0      0         104    
       Linker Generated:              0      43        0      
    +--+------------------------------+------+---------+---------+
       Grand Total:                   4462   1192      172    


LINKER GENERATED COPY TABLES

__TI_cinit_table @ 00001618 records: 2, size/record: 8, table size: 16
	.bss: load addr=00001608, load size=00000008 bytes, run addr=20000068, run size=00000040 bytes, compression=zero_init
	.data: load addr=00001610, load size=00000007 bytes, run addr=200000a8, run size=00000004 bytes, compression=lzss


LINKER GENERATED HANDLER TABLE

__TI_handler_table @ 000015f8 records: 3, size/record: 4, table size: 12
	index: 0, handler: __TI_decompress_lzss
	index: 1, handler: __TI_decompress_none
	index: 2, handler: __TI_zero_init


GLOBAL SYMBOLS: SORTED ALPHABETICALLY BY Name 

address   name                          
-------   ----                          
000013df  C$$EXIT                       
0000139d  CPUcpsie                      
0000026d  ConfigUART                    
000012cf  GPIODirModeSet                
00000a79  GPIOPadConfigSet              
00001095  GPIOPinConfigure              
00001339  GPIOPinTypeUART               
00000fc5  IntEnable                     
00001363  IntMasterEnable               
000013a9  ResetISR                      
20000088  ResultadoOperacion            
00000d1d  SysCtlClockGet                
00000e35  SysCtlClockSet                
000013d1  SysCtlDelay                   
00001239  SysCtlPeripheralEnable        
00001373  UARTCharGetNonBlocking        
000013b5  UARTCharPut                   
00001381  UARTCharsAvail                
00001175  UARTConfigSetExpClk           
000012fd  UARTDisable                   
0000134f  UARTEnable                    
000013d7  UARTIntClear                  
000013c9  UARTIntEnable                 
000002b9  UARTIntHandler                
000013bf  UARTIntStatus                 
20000068  __STACK_END                   
00000068  __STACK_SIZE                  
20000200  __STACK_TOP                   
00001618  __TI_CINIT_Base               
00001628  __TI_CINIT_Limit              
000015f8  __TI_Handler_Table_Base       
00001604  __TI_Handler_Table_Limit      
000011bd  __TI_auto_init_nobinit_nopinit
0000102d  __TI_decompress_lzss          
0000138f  __TI_decompress_none          
ffffffff  __TI_pprof_out_hndl           
ffffffff  __TI_prof_data_size           
ffffffff  __TI_prof_data_start          
00000000  __TI_static_base__            
0000131d  __TI_zero_init_nomemset       
0000112d  __aeabi_d2iz                  
000008cb  __aeabi_dadd                  
00000be5  __aeabi_ddiv                  
000008c1  __aeabi_dsub                  
00001201  __aeabi_f2d                   
000012a1  __aeabi_i2d                   
00000f29  __aeabi_memcpy                
00000f29  __aeabi_memcpy4               
00000f29  __aeabi_memcpy8               
ffffffff  __binit__                     
ffffffff  __c_args__                    
UNDEFED   __mpu_init                    
20000000  __stack                       
20000000  __start___llvm_prf_cnts       
20000000  __stop___llvm_prf_cnts        
0000126d  _c_int00_noargs               
000013e4  _ctypes_                      
UNDEFED   _system_post_cinit            
000013db  _system_pre_init              
000013df  abort                         
000010e1  atoi                          
ffffffff  binit                         
20000078  dat                           
20000068  dato                          
00000000  g_pfnVectors                  
200000a8  i                             
00000459  main                          
00000f29  memcpy                        
20000090  num1                          
20000098  num2                          
20000084  ui32Status                    
200000a0  valor1                        
200000a4  valor2                        


GLOBAL SYMBOLS: SORTED BY Symbol Address 

address   name                          
-------   ----                          
00000000  __TI_static_base__            
00000000  g_pfnVectors                  
00000068  __STACK_SIZE                  
0000026d  ConfigUART                    
000002b9  UARTIntHandler                
00000459  main                          
000008c1  __aeabi_dsub                  
000008cb  __aeabi_dadd                  
00000a79  GPIOPadConfigSet              
00000be5  __aeabi_ddiv                  
00000d1d  SysCtlClockGet                
00000e35  SysCtlClockSet                
00000f29  __aeabi_memcpy                
00000f29  __aeabi_memcpy4               
00000f29  __aeabi_memcpy8               
00000f29  memcpy                        
00000fc5  IntEnable                     
0000102d  __TI_decompress_lzss          
00001095  GPIOPinConfigure              
000010e1  atoi                          
0000112d  __aeabi_d2iz                  
00001175  UARTConfigSetExpClk           
000011bd  __TI_auto_init_nobinit_nopinit
00001201  __aeabi_f2d                   
00001239  SysCtlPeripheralEnable        
0000126d  _c_int00_noargs               
000012a1  __aeabi_i2d                   
000012cf  GPIODirModeSet                
000012fd  UARTDisable                   
0000131d  __TI_zero_init_nomemset       
00001339  GPIOPinTypeUART               
0000134f  UARTEnable                    
00001363  IntMasterEnable               
00001373  UARTCharGetNonBlocking        
00001381  UARTCharsAvail                
0000138f  __TI_decompress_none          
0000139d  CPUcpsie                      
000013a9  ResetISR                      
000013b5  UARTCharPut                   
000013bf  UARTIntStatus                 
000013c9  UARTIntEnable                 
000013d1  SysCtlDelay                   
000013d7  UARTIntClear                  
000013db  _system_pre_init              
000013df  C$$EXIT                       
000013df  abort                         
000013e4  _ctypes_                      
000015f8  __TI_Handler_Table_Base       
00001604  __TI_Handler_Table_Limit      
00001618  __TI_CINIT_Base               
00001628  __TI_CINIT_Limit              
20000000  __stack                       
20000000  __start___llvm_prf_cnts       
20000000  __stop___llvm_prf_cnts        
20000068  __STACK_END                   
20000068  dato                          
20000078  dat                           
20000084  ui32Status                    
20000088  ResultadoOperacion            
20000090  num1                          
20000098  num2                          
200000a0  valor1                        
200000a4  valor2                        
200000a8  i                             
20000200  __STACK_TOP                   
ffffffff  __TI_pprof_out_hndl           
ffffffff  __TI_prof_data_size           
ffffffff  __TI_prof_data_start          
ffffffff  __binit__                     
ffffffff  __c_args__                    
ffffffff  binit                         
UNDEFED   __mpu_init                    
UNDEFED   _system_post_cinit            

[73 symbols]
